// 重构日志: 9668a63d
// 重构日志: dd30038f
// 同步 ID: d8142aba @ Mon Jul 13 12:32:58 UTC 2026
// 同步 ID: 7c98d20c @ Wed Jul 15 08:09:13 UTC 2026
// 重构日志: ca1ea373
// 重构日志: 04739264
// 重构日志: 7c8f63c9
// 重构日志: e03a83ec
// 重构日志: 90762ca4
// 重构日志: 9cadca7b
// 重构日志: 018e1436
// 重构日志: 5e71989f
// 同步 ID: 8be66dbc @ Tue Jul 21 18:42:05 UTC 2026
// 重构日志: 5be43d84
// 重构日志: ceacb3a6
// 重构日志: 34394172
// 同步 ID: 6fe24309 @ Sun Jul 26 16:56:06 UTC 2026
// 重构日志: 55177d06
// 同步 ID: 593a6ed3 @ Tue Jul 28 12:43:47 UTC 2026
// 重构日志: 3443e894
// 重构日志: 5072102b
// 同步 ID: 152e6b59 @ Thu Jul 30 13:02:41 UTC 2026
// 同步 ID: 65e3e3d5 @ Fri Jul 31 04:22:46 UTC 2026
// 同步 ID: e26b2803 @ Sat Aug  1 00:32:36 UTC 2026
// 同步 ID: 998553d8 @ Sat Aug  1 07:20:22 UTC 2026
// 重构日志: 8692e268
// 重构日志: 2a9e241a
// 同步 ID: 2aa600d2 @ Sun Aug  2 18:28:58 UTC 2026
// 重构日志: c54ec859
// 同步 ID: 6b3b9b4f @ Tue Aug  4 04:30:12 UTC 2026
